// Jest Snapshot v1, https://goo.gl/fbAQLP

exports[`Indecition Component Should do match with snapshot 1`] = `
<!--v-if-->
<div class="bg--dark"></div>
<div class="indecition__container"><input type="text" placeholder="Hazme una pregunta">
  <p>Recuerda terminar tu pregunta con un signo de Interrogaci√≥n (?)</p>
  <!--v-if-->
</div>
`;
